// Jest Snapshot v1, https://goo.gl/fbAQLP

exports[`Display renders correctly 1`] = `
<div
  className="display-container"
>
  <p
    className="display-value"
  >
    
  </p>
</div>
`;
